// Jest Snapshot v1, https://goo.gl/fbAQLP

exports[`Routes renders the Not Found page for unknown routes 1`] = `
<div>
  <div
    class="sc-beyTiQ bLjOgq"
  >
    <header
      class="sc-fmKFmJ jwmiNx"
    >
      <a
        href="/"
      >
        <img
          alt="pokemon logo"
          class="sc-hABBGs eDrYbX"
          src="https://upload.wikimedia.org/wikipedia/commons/9/98/International_Pok%C3%A9mon_logo.svg"
        />
      </a>
      <div
        class="sc-fHekAb itxTRf"
      >
        <div
          class="sc-blmCWO wzgTu"
        >
          <div
            class="sc-brSaGm gDsUOc"
            data-testid="toggle-button"
            id="toggle-button"
          >
            <div
              class="sc-ktwNLz kCgZiU"
              data-testid="slider"
            />
          </div>
        </div>
      </div>
    </header>
    <div
      class="sc-ifysJV kstVOj"
    >
      <a
        href="/pokemon"
      >
        <h1
          class="sc-dJGLgI fVLMwU"
        >
          POKEMONS
        </h1>
        <div
          class="sc-hIPCWT iyhGDs"
        >
          <iframe
            allowfullscreen=""
            class="giphy-embed"
            frameborder="0"
            height="171.42857142857142px"
            src="https://giphy.com/embed/GltC4HZLjJLvq"
            title="Embedded Giphy"
            width="300px"
          />
        </div>
      </a>
    </div>
  </div>
</div>
`;

exports[`Routes renders the Pokemon detail page 1`] = `
<div>
  <div
    class="sc-beyTiQ bLjOgq"
  >
    <header
      class="sc-fmKFmJ jwmiNx"
    >
      <a
        href="/"
      >
        <img
          alt="pokemon logo"
          class="sc-hABBGs eDrYbX"
          src="https://upload.wikimedia.org/wikipedia/commons/9/98/International_Pok%C3%A9mon_logo.svg"
        />
      </a>
      <div
        class="sc-fHekAb itxTRf"
      >
        <div
          class="sc-blmCWO wzgTu"
        >
          <div
            class="sc-brSaGm gDsUOc"
            data-testid="toggle-button"
            id="toggle-button"
          >
            <div
              class="sc-ktwNLz kCgZiU"
              data-testid="slider"
            />
          </div>
        </div>
      </div>
    </header>
    <div
      class="sc-ifysJV kstVOj"
    >
      <a
        href="/pokemon"
      >
        <h1
          class="sc-dJGLgI fVLMwU"
        >
          POKEMONS
        </h1>
        <div
          class="sc-hIPCWT iyhGDs"
        >
          <iframe
            allowfullscreen=""
            class="giphy-embed"
            frameborder="0"
            height="171.42857142857142px"
            src="https://giphy.com/embed/GltC4HZLjJLvq"
            title="Embedded Giphy"
            width="300px"
          />
        </div>
      </a>
    </div>
  </div>
</div>
`;

exports[`Routes renders the Pokemon list page 1`] = `
<div>
  <div
    class="sc-beyTiQ bLjOgq"
  >
    <header
      class="sc-fmKFmJ jwmiNx"
    >
      <a
        href="/"
      >
        <img
          alt="pokemon logo"
          class="sc-hABBGs eDrYbX"
          src="https://upload.wikimedia.org/wikipedia/commons/9/98/International_Pok%C3%A9mon_logo.svg"
        />
      </a>
      <div
        class="sc-fHekAb itxTRf"
      >
        <div
          class="sc-blmCWO wzgTu"
        >
          <div
            class="sc-brSaGm gDsUOc"
            data-testid="toggle-button"
            id="toggle-button"
          >
            <div
              class="sc-ktwNLz kCgZiU"
              data-testid="slider"
            />
          </div>
        </div>
      </div>
    </header>
    <div
      class="sc-ifysJV kstVOj"
    >
      <a
        href="/pokemon"
      >
        <h1
          class="sc-dJGLgI fVLMwU"
        >
          POKEMONS
        </h1>
        <div
          class="sc-hIPCWT iyhGDs"
        >
          <iframe
            allowfullscreen=""
            class="giphy-embed"
            frameborder="0"
            height="171.42857142857142px"
            src="https://giphy.com/embed/GltC4HZLjJLvq"
            title="Embedded Giphy"
            width="300px"
          />
        </div>
      </a>
    </div>
  </div>
</div>
`;

exports[`Routes renders the home page 1`] = `
<div>
  <div
    class="sc-beyTiQ bLjOgq"
  >
    <header
      class="sc-fmKFmJ jwmiNx"
    >
      <a
        href="/"
      >
        <img
          alt="pokemon logo"
          class="sc-hABBGs eDrYbX"
          src="https://upload.wikimedia.org/wikipedia/commons/9/98/International_Pok%C3%A9mon_logo.svg"
        />
      </a>
      <div
        class="sc-fHekAb itxTRf"
      >
        <div
          class="sc-blmCWO wzgTu"
        >
          <div
            class="sc-brSaGm gDsUOc"
            data-testid="toggle-button"
            id="toggle-button"
          >
            <div
              class="sc-ktwNLz kCgZiU"
              data-testid="slider"
            />
          </div>
        </div>
      </div>
    </header>
    <div
      class="sc-ifysJV kstVOj"
    >
      <a
        href="/pokemon"
      >
        <h1
          class="sc-dJGLgI fVLMwU"
        >
          POKEMONS
        </h1>
        <div
          class="sc-hIPCWT iyhGDs"
        >
          <iframe
            allowfullscreen=""
            class="giphy-embed"
            frameborder="0"
            height="171.42857142857142px"
            src="https://giphy.com/embed/GltC4HZLjJLvq"
            title="Embedded Giphy"
            width="300px"
          />
        </div>
      </a>
    </div>
  </div>
</div>
`;
